
> gym-web@0.0.1 build
> astro build

[2m16:20:40[22m [34m[content][39m Syncing content
[2m16:20:40[22m [34m[content][39m Synced content
[2m16:20:40[22m [34m[types][39m Generated [2m29ms[22m
[2m16:20:40[22m [34m[build][39m output: [34m"static"[39m
[2m16:20:40[22m [34m[build][39m mode: [34m"static"[39m
[2m16:20:40[22m [34m[build][39m directory: [34mC:\Users\diego\Desktop\newfit\dist\[39m
[2m16:20:40[22m [34m[build][39m Collecting build info...
[2m16:20:40[22m [34m[build][39m [32mÔ£ô Completed in 47ms.[39m
[2m16:20:40[22m [34m[build][39m Building static entrypoints...
node.exe : 
[31m[1m16:20:40[22m 
[ERROR] [vite][39m 
[31mÔ£ù[39m Build 
failed in 451ms
En línea: 1 Carácter: 1
+ & "C:\Program 
Files\nodejs/node.exe" 
"C:\Program 
Files\nodejs/node_mo 
...
+ ~~~~~~~~~~~~~~~~~~~~~
~~~~~~~~~~~~~~~~~~~~~~~
~~~~~~~~~~~~~~~~~~~~~~~
~~
    + CategoryInfo     
         : NotSpecifi  
  ed: ([31m[1m16:2   
 0:...failed in 451    
ms:String) [], Rem    
oteException
    + FullyQualifiedEr 
   rorId : NativeComm  
  andError
 
[31m[CompilerError][3
9m [astro:build] 
Unable to assign 
attributes when using 
<> Fragment shorthand 
syntax!
file: C:/Users/diego/De
sktop/newfit/src/pages/
politica-de-privacidad.
astro:5:1
  [1mHint:[22m
[33m    To fix this, 
please change < <<<<< 
HEAD
    <Layout 
      title="Pol├¡tica 
de Privacidad - Newfit 
Gym" 
      
description="Consulta 
nuestra pol├¡tica de 
privacidad, aviso 
legal y condiciones de 
uso. Transparencia y 
seguridad para todos 
nuestros socios en 
NEWFIT Tudela de 
Duero."
    > to use the 
longhand Fragment 
syntax: <Fragment 
<<<<< HEAD
    <Layout 
      title="Pol├¡tica 
de Privacidad - Newfit 
Gym" 
      
description="Consulta 
nuestra pol├¡tica de 
privacidad, aviso 
legal y condiciones de 
uso. Transparencia y 
seguridad para todos 
nuestros socios en 
NEWFIT Tudela de 
Duero."
    >[39m
  [1mLocation:[22m
    [4mC:/Users/diego/
Desktop/newfit/src/page
s/politica-de-privacida
d.astro:5:1[24m
  [1mStack trace:[22m
[2m    at handleCompil
eResultErrors (file:///
C:/Users/diego/Desktop/
newfit/node_modules/ast
ro/dist/core/compile/co
mpile.js:65:11)
    at async 
compileAstro (file:///C
:/Users/diego/Desktop/n
ewfit/node_modules/astr
o/dist/vite-plugin-astr
o/compile.js:13:23)
    at async transform 
(file:///C:/Users/diego
/Desktop/newfit/node_mo
dules/rollup/dist/es/sh
ared/node-entry.js:2126
9:16)[22m
